
   FAIL  Tests\Feature\PermissionAuthorizationTest
  ظ£ô admin can access any endpoint  0.66s  
  ظ£ô admin bypasses all permissionظخ 0.03s  
  ظ£ô user with customers view canظخ  0.05s  
  ظ£ô user without customers view cظخ 0.33s  
  ظ£ô user with customers create caظخ 0.11s  
  ظ£ô user without customers createظخ 0.09s  
  ظ£ô user with invoices view can lظخ 0.09s  
  ظذ» user without invoices createظخ  0.14s  
  ظ£ô user without suppliers view cظخ 0.07s  
  ظ£ô any user can view products     0.04s  
  ظ£ô user without products createظخ  0.06s  
  ظ£ô unauthenticated user gets 401  0.05s  
  ظ£ô has permission returns true fظخ 0.05s  
  ظ£ô has permission returns falseظخ  0.04s  
  ظ£ô has any permission works corrظخ 0.04s  
  ظ¤ظ¤ظ¤ظ¤ظ¤ظ¤ظ¤ظ¤ظ¤ظ¤ظ¤ظ¤ظ¤ظ¤ظ¤ظ¤ظ¤ظ¤ظ¤ظ¤ظ¤ظ¤ظ¤ظ¤ظ¤ظ¤ظ¤ظ¤ظ¤ظ¤ظ¤ظ¤ظ¤ظ¤ظ¤ظ¤ظ¤ظ¤  
   FAILED  Tests\Feature\PermissionAutظخ   
  Failed asserting that two strings are identical.
--- Expected
+++ Actual
@@ @@
-'AUTH_003'
+'DAY_004'

  at tests\Feature\PermissionAuthorizationTest.php:147
    143ظûـ             ]);
    144ظûـ 
    145ظûـ         // Should fail because user doesn't have invoices.create
    146ظûـ         $response->assertStatus(422)
  ظئ£ 147ظûـ             ->assertJsonPath('error.code', 'AUTH_003');
    148ظûـ     }
    149ظûـ 
    150ظûـ     // ============================================
    151ظûـ     // Supplier Permission Tests


  Tests:    1 failed, 14 passed (24 assertions)
  Duration: 2.08s

